[2026-07-14T12:02:39.372+0000] {local_task_job_runner.py:120} INFO - ::group::Pre task execution logs
[2026-07-14T12:02:39.384+0000] {taskinstance.py:2076} INFO - Dependencies all met for dep_context=non-requeueable deps ti=<TaskInstance: crypto_daily_pipeline.load_raw_to_staging manual__2026-07-14T11:57:34.530480+00:00 [queued]>
[2026-07-14T12:02:39.386+0000] {taskinstance.py:2076} INFO - Dependencies all met for dep_context=requeueable deps ti=<TaskInstance: crypto_daily_pipeline.load_raw_to_staging manual__2026-07-14T11:57:34.530480+00:00 [queued]>
[2026-07-14T12:02:39.386+0000] {taskinstance.py:2306} INFO - Starting attempt 2 of 3
[2026-07-14T12:02:39.389+0000] {taskinstance.py:2330} INFO - Executing <Task(BashOperator): load_raw_to_staging> on 2026-07-14 11:57:34.530480+00:00
[2026-07-14T12:02:39.392+0000] {standard_task_runner.py:90} INFO - Running: ['***', 'tasks', 'run', 'crypto_daily_pipeline', 'load_raw_to_staging', 'manual__2026-07-14T11:57:34.530480+00:00', '--job-id', '6', '--raw', '--subdir', 'DAGS_FOLDER/crypto_pipeline_dag.py', '--cfg-path', '/tmp/tmpnauaalm_']
[2026-07-14T12:02:39.393+0000] {standard_task_runner.py:91} INFO - Job 6: Subtask load_raw_to_staging
[2026-07-14T12:02:39.393+0000] {logging_mixin.py:188} WARNING - /home/***/.local/lib/python3.12/site-packages/***/task/task_runner/standard_task_runner.py:62 DeprecationWarning: This process (pid=909) is multi-threaded, use of fork() may lead to deadlocks in the child.
[2026-07-14T12:02:39.394+0000] {standard_task_runner.py:64} INFO - Started process 910 to run task
[2026-07-14T12:02:39.411+0000] {task_command.py:426} INFO - Running <TaskInstance: crypto_daily_pipeline.load_raw_to_staging manual__2026-07-14T11:57:34.530480+00:00 [running]> on host 1c93b567d9bf
[2026-07-14T12:02:39.442+0000] {taskinstance.py:2648} INFO - Exporting env vars: AIRFLOW_CTX_DAG_OWNER='data_eng' AIRFLOW_CTX_DAG_ID='crypto_daily_pipeline' AIRFLOW_CTX_TASK_ID='load_raw_to_staging' AIRFLOW_CTX_EXECUTION_DATE='2026-07-14T11:57:34.530480+00:00' AIRFLOW_CTX_TRY_NUMBER='2' AIRFLOW_CTX_DAG_RUN_ID='manual__2026-07-14T11:57:34.530480+00:00'
[2026-07-14T12:02:39.442+0000] {taskinstance.py:430} INFO - ::endgroup::
[2026-07-14T12:02:39.447+0000] {subprocess.py:63} INFO - Tmp dir root location: /tmp
[2026-07-14T12:02:39.448+0000] {subprocess.py:75} INFO - Running command: ['/usr/bin/bash', '-c', 'python /opt/***/dags/scripts/load_parquet_to_staging.py']
[2026-07-14T12:02:39.450+0000] {subprocess.py:86} INFO - Output:
[2026-07-14T12:02:39.879+0000] {subprocess.py:93} INFO - /opt/***/dags/scripts/load_parquet_to_staging.py:16: DeprecationWarning: datetime.datetime.utcnow() is deprecated and scheduled for removal in a future version. Use timezone-aware objects to represent datetimes in UTC: datetime.datetime.now(datetime.UTC).
[2026-07-14T12:02:39.880+0000] {subprocess.py:93} INFO -   today = datetime.utcnow().strftime("%Y-%m-%d")
[2026-07-14T12:02:40.517+0000] {subprocess.py:93} INFO - Found 522 Parquet files for 2026-07-14
[2026-07-14T12:02:40.518+0000] {subprocess.py:93} INFO - Loaded 2610 rows into raw_price_ticks
[2026-07-14T12:02:40.561+0000] {subprocess.py:97} INFO - Command exited with return code 0
[2026-07-14T12:02:40.561+0000] {taskinstance.py:441} INFO - ::group::Post task execution logs
[2026-07-14T12:02:40.570+0000] {taskinstance.py:1206} INFO - Marking task as SUCCESS. dag_id=crypto_daily_pipeline, task_id=load_raw_to_staging, run_id=manual__2026-07-14T11:57:34.530480+00:00, execution_date=20260714T115734, start_date=20260714T120239, end_date=20260714T120240
[2026-07-14T12:02:40.601+0000] {local_task_job_runner.py:243} INFO - Task exited with return code 0
[2026-07-14T12:02:40.607+0000] {taskinstance.py:3503} INFO - 0 downstream tasks scheduled from follow-on schedule check
[2026-07-14T12:02:40.608+0000] {local_task_job_runner.py:222} INFO - ::endgroup::
