[2026-07-14T11:57:37.275+0000] {local_task_job_runner.py:120} INFO - ::group::Pre task execution logs
[2026-07-14T11:57:37.289+0000] {taskinstance.py:2076} INFO - Dependencies all met for dep_context=non-requeueable deps ti=<TaskInstance: crypto_daily_pipeline.load_raw_to_staging manual__2026-07-14T11:57:34.530480+00:00 [queued]>
[2026-07-14T11:57:37.292+0000] {taskinstance.py:2076} INFO - Dependencies all met for dep_context=requeueable deps ti=<TaskInstance: crypto_daily_pipeline.load_raw_to_staging manual__2026-07-14T11:57:34.530480+00:00 [queued]>
[2026-07-14T11:57:37.292+0000] {taskinstance.py:2306} INFO - Starting attempt 1 of 3
[2026-07-14T11:57:37.298+0000] {taskinstance.py:2330} INFO - Executing <Task(BashOperator): load_raw_to_staging> on 2026-07-14 11:57:34.530480+00:00
[2026-07-14T11:57:37.302+0000] {logging_mixin.py:188} WARNING - /home/***/.local/lib/python3.12/site-packages/***/task/task_runner/standard_task_runner.py:62 DeprecationWarning: This process (pid=824) is multi-threaded, use of fork() may lead to deadlocks in the child.
[2026-07-14T11:57:37.301+0000] {standard_task_runner.py:90} INFO - Running: ['***', 'tasks', 'run', 'crypto_daily_pipeline', 'load_raw_to_staging', 'manual__2026-07-14T11:57:34.530480+00:00', '--job-id', '4', '--raw', '--subdir', 'DAGS_FOLDER/crypto_pipeline_dag.py', '--cfg-path', '/tmp/tmptmt71hlq']
[2026-07-14T11:57:37.302+0000] {standard_task_runner.py:64} INFO - Started process 826 to run task
[2026-07-14T11:57:37.302+0000] {standard_task_runner.py:91} INFO - Job 4: Subtask load_raw_to_staging
[2026-07-14T11:57:37.317+0000] {task_command.py:426} INFO - Running <TaskInstance: crypto_daily_pipeline.load_raw_to_staging manual__2026-07-14T11:57:34.530480+00:00 [running]> on host 1c93b567d9bf
[2026-07-14T11:57:37.343+0000] {taskinstance.py:2648} INFO - Exporting env vars: AIRFLOW_CTX_DAG_OWNER='data_eng' AIRFLOW_CTX_DAG_ID='crypto_daily_pipeline' AIRFLOW_CTX_TASK_ID='load_raw_to_staging' AIRFLOW_CTX_EXECUTION_DATE='2026-07-14T11:57:34.530480+00:00' AIRFLOW_CTX_TRY_NUMBER='1' AIRFLOW_CTX_DAG_RUN_ID='manual__2026-07-14T11:57:34.530480+00:00'
[2026-07-14T11:57:37.343+0000] {taskinstance.py:430} INFO - ::endgroup::
[2026-07-14T11:57:37.347+0000] {subprocess.py:63} INFO - Tmp dir root location: /tmp
[2026-07-14T11:57:37.347+0000] {subprocess.py:75} INFO - Running command: ['/usr/bin/bash', '-c', 'python /opt/***/dags/scripts/load_parquet_to_staging.py']
[2026-07-14T11:57:37.350+0000] {subprocess.py:86} INFO - Output:
[2026-07-14T11:57:38.424+0000] {subprocess.py:93} INFO - /opt/***/dags/scripts/load_parquet_to_staging.py:16: DeprecationWarning: datetime.datetime.utcnow() is deprecated and scheduled for removal in a future version. Use timezone-aware objects to represent datetimes in UTC: datetime.datetime.now(datetime.UTC).
[2026-07-14T11:57:38.424+0000] {subprocess.py:93} INFO -   today = datetime.utcnow().strftime("%Y-%m-%d")
[2026-07-14T11:57:39.073+0000] {subprocess.py:93} INFO - Traceback (most recent call last):
[2026-07-14T11:57:39.073+0000] {subprocess.py:93} INFO -   File "/opt/***/dags/scripts/load_parquet_to_staging.py", line 28, in <module>
[2026-07-14T11:57:39.074+0000] {subprocess.py:93} INFO -     cur.execute("""
[2026-07-14T11:57:39.074+0000] {subprocess.py:93} INFO - psycopg2.errors.UniqueViolation: duplicate key value violates unique constraint "pg_type_typname_nsp_index"
[2026-07-14T11:57:39.075+0000] {subprocess.py:93} INFO - DETAIL:  Key (typname, typnamespace)=(raw_price_ticks, 2200) already exists.
[2026-07-14T11:57:39.075+0000] {subprocess.py:93} INFO - 
[2026-07-14T11:57:39.171+0000] {subprocess.py:97} INFO - Command exited with return code 1
[2026-07-14T11:57:39.172+0000] {taskinstance.py:441} INFO - ::group::Post task execution logs
[2026-07-14T11:57:39.176+0000] {taskinstance.py:2905} ERROR - Task failed with exception
Traceback (most recent call last):
  File "/home/airflow/.local/lib/python3.12/site-packages/airflow/models/taskinstance.py", line 465, in _execute_task
    result = _execute_callable(context=context, **execute_callable_kwargs)
             ^^^^^^^^^^^^^^^^^^^^^^^^^^^^^^^^^^^^^^^^^^^^^^^^^^^^^^^^^^^^^
  File "/home/airflow/.local/lib/python3.12/site-packages/airflow/models/taskinstance.py", line 432, in _execute_callable
    return execute_callable(context=context, **execute_callable_kwargs)
           ^^^^^^^^^^^^^^^^^^^^^^^^^^^^^^^^^^^^^^^^^^^^^^^^^^^^^^^^^^^^
  File "/home/airflow/.local/lib/python3.12/site-packages/airflow/models/baseoperator.py", line 401, in wrapper
    return func(self, *args, **kwargs)
           ^^^^^^^^^^^^^^^^^^^^^^^^^^^
  File "/home/airflow/.local/lib/python3.12/site-packages/airflow/operators/bash.py", line 243, in execute
    raise AirflowException(
airflow.exceptions.AirflowException: Bash command failed. The command returned a non-zero exit code 1.
[2026-07-14T11:57:39.178+0000] {taskinstance.py:1206} INFO - Marking task as UP_FOR_RETRY. dag_id=crypto_daily_pipeline, task_id=load_raw_to_staging, run_id=manual__2026-07-14T11:57:34.530480+00:00, execution_date=20260714T115734, start_date=20260714T115737, end_date=20260714T115739
[2026-07-14T11:57:39.181+0000] {standard_task_runner.py:110} ERROR - Failed to execute job 4 for task load_raw_to_staging (Bash command failed. The command returned a non-zero exit code 1.; 826)
[2026-07-14T11:57:39.207+0000] {local_task_job_runner.py:243} INFO - Task exited with return code 1
[2026-07-14T11:57:39.214+0000] {taskinstance.py:3503} INFO - 0 downstream tasks scheduled from follow-on schedule check
[2026-07-14T11:57:39.215+0000] {local_task_job_runner.py:222} INFO - ::endgroup::
