[2026-07-15T06:19:38.170+0000] {local_task_job_runner.py:120} INFO - ::group::Pre task execution logs
[2026-07-15T06:19:38.183+0000] {taskinstance.py:2076} INFO - Dependencies all met for dep_context=non-requeueable deps ti=<TaskInstance: crypto_daily_pipeline.install_deps scheduled__2026-07-14T00:00:00+00:00 [queued]>
[2026-07-15T06:19:38.186+0000] {taskinstance.py:2076} INFO - Dependencies all met for dep_context=requeueable deps ti=<TaskInstance: crypto_daily_pipeline.install_deps scheduled__2026-07-14T00:00:00+00:00 [queued]>
[2026-07-15T06:19:38.187+0000] {taskinstance.py:2306} INFO - Starting attempt 1 of 3
[2026-07-15T06:19:38.191+0000] {taskinstance.py:2330} INFO - Executing <Task(BashOperator): install_deps> on 2026-07-14 00:00:00+00:00
[2026-07-15T06:19:38.194+0000] {logging_mixin.py:188} WARNING - /home/***/.local/lib/python3.12/site-packages/***/task/task_runner/standard_task_runner.py:62 DeprecationWarning: This process (pid=171) is multi-threaded, use of fork() may lead to deadlocks in the child.
[2026-07-15T06:19:38.193+0000] {standard_task_runner.py:90} INFO - Running: ['***', 'tasks', 'run', 'crypto_daily_pipeline', 'install_deps', 'scheduled__2026-07-14T00:00:00+00:00', '--job-id', '17', '--raw', '--subdir', 'DAGS_FOLDER/crypto_pipeline_dag.py', '--cfg-path', '/tmp/tmp2phrwc1z']
[2026-07-15T06:19:38.194+0000] {standard_task_runner.py:91} INFO - Job 17: Subtask install_deps
[2026-07-15T06:19:38.194+0000] {standard_task_runner.py:64} INFO - Started process 172 to run task
[2026-07-15T06:19:38.216+0000] {task_command.py:426} INFO - Running <TaskInstance: crypto_daily_pipeline.install_deps scheduled__2026-07-14T00:00:00+00:00 [running]> on host 9f6323b108d3
[2026-07-15T06:19:38.253+0000] {taskinstance.py:2648} INFO - Exporting env vars: AIRFLOW_CTX_DAG_OWNER='data_eng' AIRFLOW_CTX_DAG_ID='crypto_daily_pipeline' AIRFLOW_CTX_TASK_ID='install_deps' AIRFLOW_CTX_EXECUTION_DATE='2026-07-14T00:00:00+00:00' AIRFLOW_CTX_TRY_NUMBER='1' AIRFLOW_CTX_DAG_RUN_ID='scheduled__2026-07-14T00:00:00+00:00'
[2026-07-15T06:19:38.254+0000] {taskinstance.py:430} INFO - ::endgroup::
[2026-07-15T06:19:38.271+0000] {subprocess.py:63} INFO - Tmp dir root location: /tmp
[2026-07-15T06:19:38.271+0000] {subprocess.py:75} INFO - Running command: ['/usr/bin/bash', '-c', 'pip install --quiet boto3 pandas pyarrow psycopg2-binary']
[2026-07-15T06:19:38.273+0000] {subprocess.py:86} INFO - Output:
[2026-07-15T06:19:39.328+0000] {subprocess.py:93} INFO - 
[2026-07-15T06:19:39.328+0000] {subprocess.py:93} INFO - [notice] A new release of pip is available: 24.2 -> 26.1.2
[2026-07-15T06:19:39.328+0000] {subprocess.py:93} INFO - [notice] To update, run: pip install --upgrade pip
[2026-07-15T06:19:39.360+0000] {subprocess.py:97} INFO - Command exited with return code 0
[2026-07-15T06:19:39.361+0000] {taskinstance.py:441} INFO - ::group::Post task execution logs
[2026-07-15T06:19:39.373+0000] {taskinstance.py:1206} INFO - Marking task as SUCCESS. dag_id=crypto_daily_pipeline, task_id=install_deps, run_id=scheduled__2026-07-14T00:00:00+00:00, execution_date=20260714T000000, start_date=20260715T061938, end_date=20260715T061939
[2026-07-15T06:19:39.403+0000] {local_task_job_runner.py:243} INFO - Task exited with return code 0
[2026-07-15T06:19:39.412+0000] {taskinstance.py:3503} INFO - 1 downstream tasks scheduled from follow-on schedule check
[2026-07-15T06:19:39.412+0000] {local_task_job_runner.py:222} INFO - ::endgroup::
