[2026-07-13T13:34:29.218+0000] {local_task_job_runner.py:120} INFO - ::group::Pre task execution logs
[2026-07-13T13:34:29.233+0000] {taskinstance.py:2076} INFO - Dependencies all met for dep_context=non-requeueable deps ti=<TaskInstance: crypto_daily_pipeline.load_raw_to_staging scheduled__2026-07-12T00:00:00+00:00 [queued]>
[2026-07-13T13:34:29.236+0000] {taskinstance.py:2076} INFO - Dependencies all met for dep_context=requeueable deps ti=<TaskInstance: crypto_daily_pipeline.load_raw_to_staging scheduled__2026-07-12T00:00:00+00:00 [queued]>
[2026-07-13T13:34:29.236+0000] {taskinstance.py:2306} INFO - Starting attempt 2 of 3
[2026-07-13T13:34:29.239+0000] {taskinstance.py:2330} INFO - Executing <Task(BashOperator): load_raw_to_staging> on 2026-07-12 00:00:00+00:00
[2026-07-13T13:34:29.242+0000] {standard_task_runner.py:90} INFO - Running: ['***', 'tasks', 'run', 'crypto_daily_pipeline', 'load_raw_to_staging', 'scheduled__2026-07-12T00:00:00+00:00', '--job-id', '6', '--raw', '--subdir', 'DAGS_FOLDER/crypto_pipeline_dag.py', '--cfg-path', '/tmp/tmp7bqv0mut']
[2026-07-13T13:34:29.243+0000] {standard_task_runner.py:91} INFO - Job 6: Subtask load_raw_to_staging
[2026-07-13T13:34:29.243+0000] {logging_mixin.py:188} WARNING - /home/***/.local/lib/python3.12/site-packages/***/task/task_runner/standard_task_runner.py:62 DeprecationWarning: This process (pid=1131) is multi-threaded, use of fork() may lead to deadlocks in the child.
[2026-07-13T13:34:29.244+0000] {standard_task_runner.py:64} INFO - Started process 1132 to run task
[2026-07-13T13:34:29.262+0000] {task_command.py:426} INFO - Running <TaskInstance: crypto_daily_pipeline.load_raw_to_staging scheduled__2026-07-12T00:00:00+00:00 [running]> on host 921b10dfab45
[2026-07-13T13:34:29.291+0000] {taskinstance.py:2648} INFO - Exporting env vars: AIRFLOW_CTX_DAG_OWNER='data_eng' AIRFLOW_CTX_DAG_ID='crypto_daily_pipeline' AIRFLOW_CTX_TASK_ID='load_raw_to_staging' AIRFLOW_CTX_EXECUTION_DATE='2026-07-12T00:00:00+00:00' AIRFLOW_CTX_TRY_NUMBER='2' AIRFLOW_CTX_DAG_RUN_ID='scheduled__2026-07-12T00:00:00+00:00'
[2026-07-13T13:34:29.291+0000] {taskinstance.py:430} INFO - ::endgroup::
[2026-07-13T13:34:29.299+0000] {subprocess.py:63} INFO - Tmp dir root location: /tmp
[2026-07-13T13:34:29.300+0000] {subprocess.py:75} INFO - Running command: ['/usr/bin/bash', '-c', 'python /opt/***/dags/scripts/load_parquet_to_staging.py']
[2026-07-13T13:34:29.305+0000] {subprocess.py:86} INFO - Output:
[2026-07-13T13:34:29.815+0000] {subprocess.py:93} INFO - /opt/***/dags/scripts/load_parquet_to_staging.py:16: DeprecationWarning: datetime.datetime.utcnow() is deprecated and scheduled for removal in a future version. Use timezone-aware objects to represent datetimes in UTC: datetime.datetime.now(datetime.UTC).
[2026-07-13T13:34:29.815+0000] {subprocess.py:93} INFO -   today = datetime.utcnow().strftime("%Y-%m-%d")
[2026-07-13T13:34:30.812+0000] {subprocess.py:93} INFO - Found 817 Parquet files for 2026-07-13
[2026-07-13T13:34:30.815+0000] {subprocess.py:93} INFO - Loaded 4085 rows into raw_price_ticks
[2026-07-13T13:34:30.861+0000] {subprocess.py:97} INFO - Command exited with return code 0
[2026-07-13T13:34:30.862+0000] {taskinstance.py:441} INFO - ::group::Post task execution logs
[2026-07-13T13:34:30.871+0000] {taskinstance.py:1206} INFO - Marking task as SUCCESS. dag_id=crypto_daily_pipeline, task_id=load_raw_to_staging, run_id=scheduled__2026-07-12T00:00:00+00:00, execution_date=20260712T000000, start_date=20260713T133429, end_date=20260713T133430
[2026-07-13T13:34:30.908+0000] {local_task_job_runner.py:243} INFO - Task exited with return code 0
[2026-07-13T13:34:30.914+0000] {taskinstance.py:3503} INFO - 0 downstream tasks scheduled from follow-on schedule check
[2026-07-13T13:34:30.914+0000] {local_task_job_runner.py:222} INFO - ::endgroup::
