[2026-07-14T00:10:34.642+0000] {local_task_job_runner.py:120} INFO - ::group::Pre task execution logs
[2026-07-14T00:10:34.652+0000] {taskinstance.py:2076} INFO - Dependencies all met for dep_context=non-requeueable deps ti=<TaskInstance: crypto_daily_pipeline.load_raw_to_staging scheduled__2026-07-13T00:00:00+00:00 [queued]>
[2026-07-14T00:10:34.655+0000] {taskinstance.py:2076} INFO - Dependencies all met for dep_context=requeueable deps ti=<TaskInstance: crypto_daily_pipeline.load_raw_to_staging scheduled__2026-07-13T00:00:00+00:00 [queued]>
[2026-07-14T00:10:34.655+0000] {taskinstance.py:2306} INFO - Starting attempt 1 of 3
[2026-07-14T00:10:34.658+0000] {taskinstance.py:2330} INFO - Executing <Task(BashOperator): load_raw_to_staging> on 2026-07-13 00:00:00+00:00
[2026-07-14T00:10:34.661+0000] {logging_mixin.py:188} WARNING - /home/***/.local/lib/python3.12/site-packages/***/task/task_runner/standard_task_runner.py:62 DeprecationWarning: This process (pid=3039) is multi-threaded, use of fork() may lead to deadlocks in the child.
[2026-07-14T00:10:34.662+0000] {standard_task_runner.py:90} INFO - Running: ['***', 'tasks', 'run', 'crypto_daily_pipeline', 'load_raw_to_staging', 'scheduled__2026-07-13T00:00:00+00:00', '--job-id', '8', '--raw', '--subdir', 'DAGS_FOLDER/crypto_pipeline_dag.py', '--cfg-path', '/tmp/tmp_tq11txh']
[2026-07-14T00:10:34.663+0000] {standard_task_runner.py:91} INFO - Job 8: Subtask load_raw_to_staging
[2026-07-14T00:10:34.664+0000] {standard_task_runner.py:64} INFO - Started process 3040 to run task
[2026-07-14T00:10:34.677+0000] {task_command.py:426} INFO - Running <TaskInstance: crypto_daily_pipeline.load_raw_to_staging scheduled__2026-07-13T00:00:00+00:00 [running]> on host 921b10dfab45
[2026-07-14T00:10:34.702+0000] {taskinstance.py:2648} INFO - Exporting env vars: AIRFLOW_CTX_DAG_OWNER='data_eng' AIRFLOW_CTX_DAG_ID='crypto_daily_pipeline' AIRFLOW_CTX_TASK_ID='load_raw_to_staging' AIRFLOW_CTX_EXECUTION_DATE='2026-07-13T00:00:00+00:00' AIRFLOW_CTX_TRY_NUMBER='1' AIRFLOW_CTX_DAG_RUN_ID='scheduled__2026-07-13T00:00:00+00:00'
[2026-07-14T00:10:34.702+0000] {taskinstance.py:430} INFO - ::endgroup::
[2026-07-14T00:10:34.706+0000] {subprocess.py:63} INFO - Tmp dir root location: /tmp
[2026-07-14T00:10:34.706+0000] {subprocess.py:75} INFO - Running command: ['/usr/bin/bash', '-c', 'python /opt/***/dags/scripts/load_parquet_to_staging.py']
[2026-07-14T00:10:34.708+0000] {subprocess.py:86} INFO - Output:
[2026-07-14T00:10:35.120+0000] {subprocess.py:93} INFO - /opt/***/dags/scripts/load_parquet_to_staging.py:16: DeprecationWarning: datetime.datetime.utcnow() is deprecated and scheduled for removal in a future version. Use timezone-aware objects to represent datetimes in UTC: datetime.datetime.now(datetime.UTC).
[2026-07-14T00:10:35.120+0000] {subprocess.py:93} INFO -   today = datetime.utcnow().strftime("%Y-%m-%d")
[2026-07-14T00:10:35.127+0000] {subprocess.py:93} INFO - Found 0 Parquet files for 2026-07-14
[2026-07-14T00:10:35.127+0000] {subprocess.py:93} INFO - No rows to load
[2026-07-14T00:10:35.166+0000] {subprocess.py:97} INFO - Command exited with return code 0
[2026-07-14T00:10:35.167+0000] {taskinstance.py:441} INFO - ::group::Post task execution logs
[2026-07-14T00:10:35.175+0000] {taskinstance.py:1206} INFO - Marking task as SUCCESS. dag_id=crypto_daily_pipeline, task_id=load_raw_to_staging, run_id=scheduled__2026-07-13T00:00:00+00:00, execution_date=20260713T000000, start_date=20260714T001034, end_date=20260714T001035
[2026-07-14T00:10:35.190+0000] {local_task_job_runner.py:243} INFO - Task exited with return code 0
[2026-07-14T00:10:35.196+0000] {taskinstance.py:3503} INFO - 0 downstream tasks scheduled from follow-on schedule check
[2026-07-14T00:10:35.196+0000] {local_task_job_runner.py:222} INFO - ::endgroup::
[2026-07-14T11:57:37.277+0000] {local_task_job_runner.py:120} INFO - ::group::Pre task execution logs
[2026-07-14T11:57:37.289+0000] {taskinstance.py:2076} INFO - Dependencies all met for dep_context=non-requeueable deps ti=<TaskInstance: crypto_daily_pipeline.load_raw_to_staging scheduled__2026-07-13T00:00:00+00:00 [queued]>
[2026-07-14T11:57:37.293+0000] {taskinstance.py:2076} INFO - Dependencies all met for dep_context=requeueable deps ti=<TaskInstance: crypto_daily_pipeline.load_raw_to_staging scheduled__2026-07-13T00:00:00+00:00 [queued]>
[2026-07-14T11:57:37.293+0000] {taskinstance.py:2306} INFO - Starting attempt 1 of 3
[2026-07-14T11:57:37.297+0000] {taskinstance.py:2330} INFO - Executing <Task(BashOperator): load_raw_to_staging> on 2026-07-13 00:00:00+00:00
[2026-07-14T11:57:37.300+0000] {standard_task_runner.py:90} INFO - Running: ['***', 'tasks', 'run', 'crypto_daily_pipeline', 'load_raw_to_staging', 'scheduled__2026-07-13T00:00:00+00:00', '--job-id', '5', '--raw', '--subdir', 'DAGS_FOLDER/crypto_pipeline_dag.py', '--cfg-path', '/tmp/tmp6j989_1z']
[2026-07-14T11:57:37.300+0000] {logging_mixin.py:188} WARNING - /home/***/.local/lib/python3.12/site-packages/***/task/task_runner/standard_task_runner.py:62 DeprecationWarning: This process (pid=823) is multi-threaded, use of fork() may lead to deadlocks in the child.
[2026-07-14T11:57:37.301+0000] {standard_task_runner.py:91} INFO - Job 5: Subtask load_raw_to_staging
[2026-07-14T11:57:37.301+0000] {standard_task_runner.py:64} INFO - Started process 825 to run task
[2026-07-14T11:57:37.317+0000] {task_command.py:426} INFO - Running <TaskInstance: crypto_daily_pipeline.load_raw_to_staging scheduled__2026-07-13T00:00:00+00:00 [running]> on host 1c93b567d9bf
[2026-07-14T11:57:37.342+0000] {taskinstance.py:2648} INFO - Exporting env vars: AIRFLOW_CTX_DAG_OWNER='data_eng' AIRFLOW_CTX_DAG_ID='crypto_daily_pipeline' AIRFLOW_CTX_TASK_ID='load_raw_to_staging' AIRFLOW_CTX_EXECUTION_DATE='2026-07-13T00:00:00+00:00' AIRFLOW_CTX_TRY_NUMBER='1' AIRFLOW_CTX_DAG_RUN_ID='scheduled__2026-07-13T00:00:00+00:00'
[2026-07-14T11:57:37.343+0000] {taskinstance.py:430} INFO - ::endgroup::
[2026-07-14T11:57:37.347+0000] {subprocess.py:63} INFO - Tmp dir root location: /tmp
[2026-07-14T11:57:37.347+0000] {subprocess.py:75} INFO - Running command: ['/usr/bin/bash', '-c', 'python /opt/***/dags/scripts/load_parquet_to_staging.py']
[2026-07-14T11:57:37.350+0000] {subprocess.py:86} INFO - Output:
[2026-07-14T11:57:38.424+0000] {subprocess.py:93} INFO - /opt/***/dags/scripts/load_parquet_to_staging.py:16: DeprecationWarning: datetime.datetime.utcnow() is deprecated and scheduled for removal in a future version. Use timezone-aware objects to represent datetimes in UTC: datetime.datetime.now(datetime.UTC).
[2026-07-14T11:57:38.424+0000] {subprocess.py:93} INFO -   today = datetime.utcnow().strftime("%Y-%m-%d")
[2026-07-14T11:57:39.071+0000] {subprocess.py:93} INFO - Found 492 Parquet files for 2026-07-14
[2026-07-14T11:57:39.073+0000] {subprocess.py:93} INFO - Loaded 2460 rows into raw_price_ticks
[2026-07-14T11:57:39.171+0000] {subprocess.py:97} INFO - Command exited with return code 0
[2026-07-14T11:57:39.172+0000] {taskinstance.py:441} INFO - ::group::Post task execution logs
[2026-07-14T11:57:39.181+0000] {taskinstance.py:1206} INFO - Marking task as SUCCESS. dag_id=crypto_daily_pipeline, task_id=load_raw_to_staging, run_id=scheduled__2026-07-13T00:00:00+00:00, execution_date=20260713T000000, start_date=20260714T115737, end_date=20260714T115739
[2026-07-14T11:57:39.203+0000] {local_task_job_runner.py:243} INFO - Task exited with return code 0
[2026-07-14T11:57:39.210+0000] {taskinstance.py:3503} INFO - 0 downstream tasks scheduled from follow-on schedule check
[2026-07-14T11:57:39.211+0000] {local_task_job_runner.py:222} INFO - ::endgroup::
