[2026-07-13T11:15:48.493+0000] {manager.py:470} INFO - Processing files using up to 2 processes at a time 
[2026-07-13T11:15:48.493+0000] {manager.py:471} INFO - Process each file at most once every 30 seconds
[2026-07-13T11:15:48.494+0000] {manager.py:472} INFO - Checking for new files in /opt/airflow/dags every 300 seconds
[2026-07-13T11:15:48.495+0000] {manager.py:737} INFO - Searching for files in /opt/airflow/dags
[2026-07-13T11:15:48.495+0000] {manager.py:740} INFO - There are 0 files in /opt/airflow/dags
[2026-07-13T11:20:49.295+0000] {manager.py:737} INFO - Searching for files in /opt/airflow/dags
[2026-07-13T11:20:49.300+0000] {manager.py:740} INFO - There are 0 files in /opt/airflow/dags
[2026-07-13T11:25:50.082+0000] {manager.py:737} INFO - Searching for files in /opt/airflow/dags
[2026-07-13T11:25:50.087+0000] {manager.py:740} INFO - There are 0 files in /opt/airflow/dags
[2026-07-13T11:30:50.900+0000] {manager.py:737} INFO - Searching for files in /opt/airflow/dags
[2026-07-13T11:30:50.908+0000] {manager.py:740} INFO - There are 0 files in /opt/airflow/dags
[2026-07-13T11:35:51.737+0000] {manager.py:737} INFO - Searching for files in /opt/airflow/dags
[2026-07-13T11:35:51.746+0000] {manager.py:740} INFO - There are 0 files in /opt/airflow/dags
[2026-07-13T11:40:52.496+0000] {manager.py:737} INFO - Searching for files in /opt/airflow/dags
[2026-07-13T11:40:52.506+0000] {manager.py:740} INFO - There are 0 files in /opt/airflow/dags
[2026-07-13T11:45:53.222+0000] {manager.py:737} INFO - Searching for files in /opt/airflow/dags
[2026-07-13T11:45:53.226+0000] {manager.py:740} INFO - There are 0 files in /opt/airflow/dags
[2026-07-13T11:50:53.884+0000] {manager.py:737} INFO - Searching for files in /opt/airflow/dags
[2026-07-13T11:50:53.894+0000] {manager.py:740} INFO - There are 0 files in /opt/airflow/dags
[2026-07-13T11:55:54.654+0000] {manager.py:737} INFO - Searching for files in /opt/airflow/dags
[2026-07-13T11:55:54.664+0000] {manager.py:740} INFO - There are 1 files in /opt/airflow/dags
[2026-07-13T11:56:02.756+0000] {manager.py:878} INFO - 
================================================================================
DAG File Processing Stats

File Path                                 PID    Runtime      # DAGs    # Errors  Last Runtime    Last Run
----------------------------------------  -----  ---------  --------  ----------  --------------  -------------------
/opt/airflow/dags/crypto_pipeline_dag.py                           1           0  0.17s           2026-07-13T11:55:54
================================================================================
[2026-07-13T11:56:32.930+0000] {manager.py:878} INFO - 
================================================================================
DAG File Processing Stats

File Path                                 PID    Runtime      # DAGs    # Errors  Last Runtime    Last Run
----------------------------------------  -----  ---------  --------  ----------  --------------  -------------------
/opt/airflow/dags/crypto_pipeline_dag.py                           1           0  0.09s           2026-07-13T11:56:24
================================================================================
[2026-07-13T11:57:03.152+0000] {manager.py:878} INFO - 
================================================================================
DAG File Processing Stats

File Path                                 PID    Runtime      # DAGs    # Errors  Last Runtime    Last Run
----------------------------------------  -----  ---------  --------  ----------  --------------  -------------------
/opt/airflow/dags/crypto_pipeline_dag.py                           1           0  0.07s           2026-07-13T11:56:55
================================================================================
[2026-07-13T11:57:33.340+0000] {manager.py:878} INFO - 
================================================================================
DAG File Processing Stats

File Path                                 PID    Runtime      # DAGs    # Errors  Last Runtime    Last Run
----------------------------------------  -----  ---------  --------  ----------  --------------  -------------------
/opt/airflow/dags/crypto_pipeline_dag.py                           1           0  0.08s           2026-07-13T11:57:25
================================================================================
[2026-07-13T11:58:03.564+0000] {manager.py:878} INFO - 
================================================================================
DAG File Processing Stats

File Path                                 PID    Runtime      # DAGs    # Errors  Last Runtime    Last Run
----------------------------------------  -----  ---------  --------  ----------  --------------  -------------------
/opt/airflow/dags/crypto_pipeline_dag.py                           1           0  0.07s           2026-07-13T11:57:55
================================================================================
[2026-07-13T11:58:33.782+0000] {manager.py:878} INFO - 
================================================================================
DAG File Processing Stats

File Path                                 PID    Runtime      # DAGs    # Errors  Last Runtime    Last Run
----------------------------------------  -----  ---------  --------  ----------  --------------  -------------------
/opt/airflow/dags/crypto_pipeline_dag.py                           1           0  0.09s           2026-07-13T11:58:25
================================================================================
[2026-07-13T11:59:04.006+0000] {manager.py:878} INFO - 
================================================================================
DAG File Processing Stats

File Path                                 PID    Runtime      # DAGs    # Errors  Last Runtime    Last Run
----------------------------------------  -----  ---------  --------  ----------  --------------  -------------------
/opt/airflow/dags/crypto_pipeline_dag.py                           1           0  0.07s           2026-07-13T11:58:55
================================================================================
[2026-07-13T11:59:34.212+0000] {manager.py:878} INFO - 
================================================================================
DAG File Processing Stats

File Path                                 PID    Runtime      # DAGs    # Errors  Last Runtime    Last Run
----------------------------------------  -----  ---------  --------  ----------  --------------  -------------------
/opt/airflow/dags/crypto_pipeline_dag.py                           1           0  0.07s           2026-07-13T11:59:26
================================================================================
[2026-07-13T12:00:04.415+0000] {manager.py:878} INFO - 
================================================================================
DAG File Processing Stats

File Path                                 PID    Runtime      # DAGs    # Errors  Last Runtime    Last Run
----------------------------------------  -----  ---------  --------  ----------  --------------  -------------------
/opt/airflow/dags/crypto_pipeline_dag.py                           1           0  0.08s           2026-07-13T11:59:56
================================================================================
[2026-07-13T12:00:34.628+0000] {manager.py:878} INFO - 
================================================================================
DAG File Processing Stats

File Path                                 PID    Runtime      # DAGs    # Errors  Last Runtime    Last Run
----------------------------------------  -----  ---------  --------  ----------  --------------  -------------------
/opt/airflow/dags/crypto_pipeline_dag.py                           1           0  0.08s           2026-07-13T12:00:26
================================================================================
[2026-07-13T12:00:54.763+0000] {manager.py:737} INFO - Searching for files in /opt/airflow/dags
[2026-07-13T12:00:54.768+0000] {manager.py:740} INFO - There are 1 files in /opt/airflow/dags
[2026-07-13T12:01:04.853+0000] {manager.py:878} INFO - 
================================================================================
DAG File Processing Stats

File Path                                 PID    Runtime      # DAGs    # Errors  Last Runtime    Last Run
----------------------------------------  -----  ---------  --------  ----------  --------------  -------------------
/opt/airflow/dags/crypto_pipeline_dag.py                           1           0  0.07s           2026-07-13T12:00:56
================================================================================
[2026-07-13T12:01:35.061+0000] {manager.py:878} INFO - 
================================================================================
DAG File Processing Stats

File Path                                 PID    Runtime      # DAGs    # Errors  Last Runtime    Last Run
----------------------------------------  -----  ---------  --------  ----------  --------------  -------------------
/opt/airflow/dags/crypto_pipeline_dag.py                           1           0  0.10s           2026-07-13T12:01:27
================================================================================
[2026-07-13T12:02:05.286+0000] {manager.py:878} INFO - 
================================================================================
DAG File Processing Stats

File Path                                 PID    Runtime      # DAGs    # Errors  Last Runtime    Last Run
----------------------------------------  -----  ---------  --------  ----------  --------------  -------------------
/opt/airflow/dags/crypto_pipeline_dag.py                           1           0  0.06s           2026-07-13T12:01:57
================================================================================
[2026-07-13T12:02:35.488+0000] {manager.py:878} INFO - 
================================================================================
DAG File Processing Stats

File Path                                 PID    Runtime      # DAGs    # Errors  Last Runtime    Last Run
----------------------------------------  -----  ---------  --------  ----------  --------------  -------------------
/opt/airflow/dags/crypto_pipeline_dag.py                           1           0  0.07s           2026-07-13T12:02:27
================================================================================
[2026-07-13T12:03:05.692+0000] {manager.py:878} INFO - 
================================================================================
DAG File Processing Stats

File Path                                 PID    Runtime      # DAGs    # Errors  Last Runtime    Last Run
----------------------------------------  -----  ---------  --------  ----------  --------------  -------------------
/opt/airflow/dags/crypto_pipeline_dag.py                           1           0  0.07s           2026-07-13T12:02:57
================================================================================
[2026-07-13T12:03:35.904+0000] {manager.py:878} INFO - 
================================================================================
DAG File Processing Stats

File Path                                 PID    Runtime      # DAGs    # Errors  Last Runtime    Last Run
----------------------------------------  -----  ---------  --------  ----------  --------------  -------------------
/opt/airflow/dags/crypto_pipeline_dag.py                           1           0  0.07s           2026-07-13T12:03:27
================================================================================
[2026-07-13T12:04:06.114+0000] {manager.py:878} INFO - 
================================================================================
DAG File Processing Stats

File Path                                 PID    Runtime      # DAGs    # Errors  Last Runtime    Last Run
----------------------------------------  -----  ---------  --------  ----------  --------------  -------------------
/opt/airflow/dags/crypto_pipeline_dag.py                           1           0  0.06s           2026-07-13T12:03:58
================================================================================
[2026-07-13T12:04:36.346+0000] {manager.py:878} INFO - 
================================================================================
DAG File Processing Stats

File Path                                 PID    Runtime      # DAGs    # Errors  Last Runtime    Last Run
----------------------------------------  -----  ---------  --------  ----------  --------------  -------------------
/opt/airflow/dags/crypto_pipeline_dag.py                           1           0  0.12s           2026-07-13T12:04:28
================================================================================
[2026-07-13T12:05:06.584+0000] {manager.py:878} INFO - 
================================================================================
DAG File Processing Stats

File Path                                 PID    Runtime      # DAGs    # Errors  Last Runtime    Last Run
----------------------------------------  -----  ---------  --------  ----------  --------------  -------------------
/opt/airflow/dags/crypto_pipeline_dag.py                           1           0  0.07s           2026-07-13T12:04:58
================================================================================
[2026-07-13T12:05:36.795+0000] {manager.py:878} INFO - 
================================================================================
DAG File Processing Stats

File Path                                 PID    Runtime      # DAGs    # Errors  Last Runtime    Last Run
----------------------------------------  -----  ---------  --------  ----------  --------------  -------------------
/opt/airflow/dags/crypto_pipeline_dag.py                           1           0  0.10s           2026-07-13T12:05:28
================================================================================
[2026-07-13T12:05:54.889+0000] {manager.py:737} INFO - Searching for files in /opt/airflow/dags
[2026-07-13T12:05:54.898+0000] {manager.py:740} INFO - There are 1 files in /opt/airflow/dags
[2026-07-13T12:06:06.997+0000] {manager.py:878} INFO - 
================================================================================
DAG File Processing Stats

File Path                                 PID    Runtime      # DAGs    # Errors  Last Runtime    Last Run
----------------------------------------  -----  ---------  --------  ----------  --------------  -------------------
/opt/airflow/dags/crypto_pipeline_dag.py                           1           0  0.07s           2026-07-13T12:05:59
================================================================================
[2026-07-13T12:06:37.206+0000] {manager.py:878} INFO - 
================================================================================
DAG File Processing Stats

File Path                                 PID    Runtime      # DAGs    # Errors  Last Runtime    Last Run
----------------------------------------  -----  ---------  --------  ----------  --------------  -------------------
/opt/airflow/dags/crypto_pipeline_dag.py                           1           0  0.06s           2026-07-13T12:06:29
================================================================================
[2026-07-13T12:07:07.416+0000] {manager.py:878} INFO - 
================================================================================
DAG File Processing Stats

File Path                                 PID    Runtime      # DAGs    # Errors  Last Runtime    Last Run
----------------------------------------  -----  ---------  --------  ----------  --------------  -------------------
/opt/airflow/dags/crypto_pipeline_dag.py                           1           0  0.06s           2026-07-13T12:06:59
================================================================================
[2026-07-13T12:07:37.622+0000] {manager.py:878} INFO - 
================================================================================
DAG File Processing Stats

File Path                                 PID    Runtime      # DAGs    # Errors  Last Runtime    Last Run
----------------------------------------  -----  ---------  --------  ----------  --------------  -------------------
/opt/airflow/dags/crypto_pipeline_dag.py                           1           0  0.06s           2026-07-13T12:07:29
================================================================================
[2026-07-13T12:08:07.851+0000] {manager.py:878} INFO - 
================================================================================
DAG File Processing Stats

File Path                                 PID    Runtime      # DAGs    # Errors  Last Runtime    Last Run
----------------------------------------  -----  ---------  --------  ----------  --------------  -------------------
/opt/airflow/dags/crypto_pipeline_dag.py                           1           0  0.09s           2026-07-13T12:07:59
================================================================================
[2026-07-13T12:08:38.077+0000] {manager.py:878} INFO - 
================================================================================
DAG File Processing Stats

File Path                                 PID    Runtime      # DAGs    # Errors  Last Runtime    Last Run
----------------------------------------  -----  ---------  --------  ----------  --------------  -------------------
/opt/airflow/dags/crypto_pipeline_dag.py                           1           0  0.08s           2026-07-13T12:08:30
================================================================================
[2026-07-13T12:09:08.275+0000] {manager.py:878} INFO - 
================================================================================
DAG File Processing Stats

File Path                                 PID    Runtime      # DAGs    # Errors  Last Runtime    Last Run
----------------------------------------  -----  ---------  --------  ----------  --------------  -------------------
/opt/airflow/dags/crypto_pipeline_dag.py                           1           0  0.07s           2026-07-13T12:09:00
================================================================================
[2026-07-13T12:09:38.461+0000] {manager.py:878} INFO - 
================================================================================
DAG File Processing Stats

File Path                                 PID    Runtime      # DAGs    # Errors  Last Runtime    Last Run
----------------------------------------  -----  ---------  --------  ----------  --------------  -------------------
/opt/airflow/dags/crypto_pipeline_dag.py                           1           0  0.07s           2026-07-13T12:09:30
================================================================================
[2026-07-13T12:10:08.655+0000] {manager.py:878} INFO - 
================================================================================
DAG File Processing Stats

File Path                                 PID    Runtime      # DAGs    # Errors  Last Runtime    Last Run
----------------------------------------  -----  ---------  --------  ----------  --------------  -------------------
/opt/airflow/dags/crypto_pipeline_dag.py                           1           0  0.07s           2026-07-13T12:10:00
================================================================================
[2026-07-13T12:10:38.864+0000] {manager.py:878} INFO - 
================================================================================
DAG File Processing Stats

File Path                                 PID    Runtime      # DAGs    # Errors  Last Runtime    Last Run
----------------------------------------  -----  ---------  --------  ----------  --------------  -------------------
/opt/airflow/dags/crypto_pipeline_dag.py                           1           0  0.06s           2026-07-13T12:10:30
================================================================================
[2026-07-13T12:10:54.961+0000] {manager.py:737} INFO - Searching for files in /opt/airflow/dags
[2026-07-13T12:10:54.968+0000] {manager.py:740} INFO - There are 1 files in /opt/airflow/dags
[2026-07-13T12:11:09.079+0000] {manager.py:878} INFO - 
================================================================================
DAG File Processing Stats

File Path                                 PID    Runtime      # DAGs    # Errors  Last Runtime    Last Run
----------------------------------------  -----  ---------  --------  ----------  --------------  -------------------
/opt/airflow/dags/crypto_pipeline_dag.py                           1           0  0.06s           2026-07-13T12:11:01
================================================================================
[2026-07-13T12:11:39.276+0000] {manager.py:878} INFO - 
================================================================================
DAG File Processing Stats

File Path                                 PID    Runtime      # DAGs    # Errors  Last Runtime    Last Run
----------------------------------------  -----  ---------  --------  ----------  --------------  -------------------
/opt/airflow/dags/crypto_pipeline_dag.py                           1           0  0.06s           2026-07-13T12:11:31
================================================================================
[2026-07-13T12:12:09.472+0000] {manager.py:878} INFO - 
================================================================================
DAG File Processing Stats

File Path                                 PID    Runtime      # DAGs    # Errors  Last Runtime    Last Run
----------------------------------------  -----  ---------  --------  ----------  --------------  -------------------
/opt/airflow/dags/crypto_pipeline_dag.py                           1           0  0.06s           2026-07-13T12:12:01
================================================================================
[2026-07-13T12:12:39.668+0000] {manager.py:878} INFO - 
================================================================================
DAG File Processing Stats

File Path                                 PID    Runtime      # DAGs    # Errors  Last Runtime    Last Run
----------------------------------------  -----  ---------  --------  ----------  --------------  -------------------
/opt/airflow/dags/crypto_pipeline_dag.py                           1           0  0.06s           2026-07-13T12:12:31
================================================================================
[2026-07-13T12:13:09.869+0000] {manager.py:878} INFO - 
================================================================================
DAG File Processing Stats

File Path                                 PID    Runtime      # DAGs    # Errors  Last Runtime    Last Run
----------------------------------------  -----  ---------  --------  ----------  --------------  -------------------
/opt/airflow/dags/crypto_pipeline_dag.py                           1           0  0.06s           2026-07-13T12:13:01
================================================================================
[2026-07-13T12:13:40.064+0000] {manager.py:878} INFO - 
================================================================================
DAG File Processing Stats

File Path                                 PID    Runtime      # DAGs    # Errors  Last Runtime    Last Run
----------------------------------------  -----  ---------  --------  ----------  --------------  -------------------
/opt/airflow/dags/crypto_pipeline_dag.py                           1           0  0.07s           2026-07-13T12:13:32
================================================================================
[2026-07-13T12:14:10.247+0000] {manager.py:878} INFO - 
================================================================================
DAG File Processing Stats

File Path                                 PID    Runtime      # DAGs    # Errors  Last Runtime    Last Run
----------------------------------------  -----  ---------  --------  ----------  --------------  -------------------
/opt/airflow/dags/crypto_pipeline_dag.py                           1           0  0.05s           2026-07-13T12:14:02
================================================================================
[2026-07-13T12:14:40.442+0000] {manager.py:878} INFO - 
================================================================================
DAG File Processing Stats

File Path                                 PID    Runtime      # DAGs    # Errors  Last Runtime    Last Run
----------------------------------------  -----  ---------  --------  ----------  --------------  -------------------
/opt/airflow/dags/crypto_pipeline_dag.py                           1           0  0.10s           2026-07-13T12:14:32
================================================================================
[2026-07-13T12:15:10.653+0000] {manager.py:878} INFO - 
================================================================================
DAG File Processing Stats

File Path                                 PID    Runtime      # DAGs    # Errors  Last Runtime    Last Run
----------------------------------------  -----  ---------  --------  ----------  --------------  -------------------
/opt/airflow/dags/crypto_pipeline_dag.py                           1           0  0.08s           2026-07-13T12:15:02
================================================================================
[2026-07-13T12:15:40.871+0000] {manager.py:878} INFO - 
================================================================================
DAG File Processing Stats

File Path                                 PID    Runtime      # DAGs    # Errors  Last Runtime    Last Run
----------------------------------------  -----  ---------  --------  ----------  --------------  -------------------
/opt/airflow/dags/crypto_pipeline_dag.py                           1           0  0.09s           2026-07-13T12:15:32
================================================================================
[2026-07-13T12:15:54.963+0000] {manager.py:737} INFO - Searching for files in /opt/airflow/dags
[2026-07-13T12:15:54.966+0000] {manager.py:740} INFO - There are 1 files in /opt/airflow/dags
[2026-07-13T12:16:11.091+0000] {manager.py:878} INFO - 
================================================================================
DAG File Processing Stats

File Path                                 PID    Runtime      # DAGs    # Errors  Last Runtime    Last Run
----------------------------------------  -----  ---------  --------  ----------  --------------  -------------------
/opt/airflow/dags/crypto_pipeline_dag.py                           1           0  0.07s           2026-07-13T12:16:03
================================================================================
[2026-07-13T12:16:41.310+0000] {manager.py:878} INFO - 
================================================================================
DAG File Processing Stats

File Path                                 PID    Runtime      # DAGs    # Errors  Last Runtime    Last Run
----------------------------------------  -----  ---------  --------  ----------  --------------  -------------------
/opt/airflow/dags/crypto_pipeline_dag.py                           1           0  0.07s           2026-07-13T12:16:33
================================================================================
[2026-07-13T12:17:11.501+0000] {manager.py:878} INFO - 
================================================================================
DAG File Processing Stats

File Path                                 PID    Runtime      # DAGs    # Errors  Last Runtime    Last Run
----------------------------------------  -----  ---------  --------  ----------  --------------  -------------------
/opt/airflow/dags/crypto_pipeline_dag.py                           1           0  0.07s           2026-07-13T12:17:03
================================================================================
[2026-07-13T12:17:41.695+0000] {manager.py:878} INFO - 
================================================================================
DAG File Processing Stats

File Path                                 PID    Runtime      # DAGs    # Errors  Last Runtime    Last Run
----------------------------------------  -----  ---------  --------  ----------  --------------  -------------------
/opt/airflow/dags/crypto_pipeline_dag.py                           1           0  0.09s           2026-07-13T12:17:33
================================================================================
[2026-07-13T12:18:11.938+0000] {manager.py:878} INFO - 
================================================================================
DAG File Processing Stats

File Path                                 PID    Runtime      # DAGs    # Errors  Last Runtime    Last Run
----------------------------------------  -----  ---------  --------  ----------  --------------  -------------------
/opt/airflow/dags/crypto_pipeline_dag.py                           1           0  0.07s           2026-07-13T12:18:03
================================================================================
[2026-07-13T12:18:42.146+0000] {manager.py:878} INFO - 
================================================================================
DAG File Processing Stats

File Path                                 PID    Runtime      # DAGs    # Errors  Last Runtime    Last Run
----------------------------------------  -----  ---------  --------  ----------  --------------  -------------------
/opt/airflow/dags/crypto_pipeline_dag.py                           1           0  0.07s           2026-07-13T12:18:34
================================================================================
[2026-07-13T12:19:12.355+0000] {manager.py:878} INFO - 
================================================================================
DAG File Processing Stats

File Path                                 PID    Runtime      # DAGs    # Errors  Last Runtime    Last Run
----------------------------------------  -----  ---------  --------  ----------  --------------  -------------------
/opt/airflow/dags/crypto_pipeline_dag.py                           1           0  0.08s           2026-07-13T12:19:04
================================================================================
[2026-07-13T12:19:42.570+0000] {manager.py:878} INFO - 
================================================================================
DAG File Processing Stats

File Path                                 PID    Runtime      # DAGs    # Errors  Last Runtime    Last Run
----------------------------------------  -----  ---------  --------  ----------  --------------  -------------------
/opt/airflow/dags/crypto_pipeline_dag.py                           1           0  0.09s           2026-07-13T12:19:34
================================================================================
[2026-07-13T12:20:12.771+0000] {manager.py:878} INFO - 
================================================================================
DAG File Processing Stats

File Path                                 PID    Runtime      # DAGs    # Errors  Last Runtime    Last Run
----------------------------------------  -----  ---------  --------  ----------  --------------  -------------------
/opt/airflow/dags/crypto_pipeline_dag.py                           1           0  0.09s           2026-07-13T12:20:04
================================================================================
[2026-07-13T12:20:42.989+0000] {manager.py:878} INFO - 
================================================================================
DAG File Processing Stats

File Path                                 PID    Runtime      # DAGs    # Errors  Last Runtime    Last Run
----------------------------------------  -----  ---------  --------  ----------  --------------  -------------------
/opt/airflow/dags/crypto_pipeline_dag.py                           1           0  0.07s           2026-07-13T12:20:34
================================================================================
[2026-07-13T12:20:55.064+0000] {manager.py:737} INFO - Searching for files in /opt/airflow/dags
[2026-07-13T12:20:55.072+0000] {manager.py:740} INFO - There are 1 files in /opt/airflow/dags
[2026-07-13T12:21:13.205+0000] {manager.py:878} INFO - 
================================================================================
DAG File Processing Stats

File Path                                 PID    Runtime      # DAGs    # Errors  Last Runtime    Last Run
----------------------------------------  -----  ---------  --------  ----------  --------------  -------------------
/opt/airflow/dags/crypto_pipeline_dag.py                           1           0  0.07s           2026-07-13T12:21:05
================================================================================
[2026-07-13T12:21:43.411+0000] {manager.py:878} INFO - 
================================================================================
DAG File Processing Stats

File Path                                 PID    Runtime      # DAGs    # Errors  Last Runtime    Last Run
----------------------------------------  -----  ---------  --------  ----------  --------------  -------------------
/opt/airflow/dags/crypto_pipeline_dag.py                           1           0  0.06s           2026-07-13T12:21:35
================================================================================
[2026-07-13T12:22:13.612+0000] {manager.py:878} INFO - 
================================================================================
DAG File Processing Stats

File Path                                 PID    Runtime      # DAGs    # Errors  Last Runtime    Last Run
----------------------------------------  -----  ---------  --------  ----------  --------------  -------------------
/opt/airflow/dags/crypto_pipeline_dag.py                           1           0  0.07s           2026-07-13T12:22:05
================================================================================
[2026-07-13T12:22:43.810+0000] {manager.py:878} INFO - 
================================================================================
DAG File Processing Stats

File Path                                 PID    Runtime      # DAGs    # Errors  Last Runtime    Last Run
----------------------------------------  -----  ---------  --------  ----------  --------------  -------------------
/opt/airflow/dags/crypto_pipeline_dag.py                           1           0  0.07s           2026-07-13T12:22:35
================================================================================
[2026-07-13T12:23:14.028+0000] {manager.py:878} INFO - 
================================================================================
DAG File Processing Stats

File Path                                 PID    Runtime      # DAGs    # Errors  Last Runtime    Last Run
----------------------------------------  -----  ---------  --------  ----------  --------------  -------------------
/opt/airflow/dags/crypto_pipeline_dag.py                           1           0  0.07s           2026-07-13T12:23:06
================================================================================
[2026-07-13T12:23:44.221+0000] {manager.py:878} INFO - 
================================================================================
DAG File Processing Stats

File Path                                 PID    Runtime      # DAGs    # Errors  Last Runtime    Last Run
----------------------------------------  -----  ---------  --------  ----------  --------------  -------------------
/opt/airflow/dags/crypto_pipeline_dag.py                           1           0  0.06s           2026-07-13T12:23:36
================================================================================
[2026-07-13T12:24:14.413+0000] {manager.py:878} INFO - 
================================================================================
DAG File Processing Stats

File Path                                 PID    Runtime      # DAGs    # Errors  Last Runtime    Last Run
----------------------------------------  -----  ---------  --------  ----------  --------------  -------------------
/opt/airflow/dags/crypto_pipeline_dag.py                           1           0  0.07s           2026-07-13T12:24:06
================================================================================
[2026-07-13T12:24:44.644+0000] {manager.py:878} INFO - 
================================================================================
DAG File Processing Stats

File Path                                 PID    Runtime      # DAGs    # Errors  Last Runtime    Last Run
----------------------------------------  -----  ---------  --------  ----------  --------------  -------------------
/opt/airflow/dags/crypto_pipeline_dag.py                           1           0  0.07s           2026-07-13T12:24:36
================================================================================
[2026-07-13T12:25:14.837+0000] {manager.py:878} INFO - 
================================================================================
DAG File Processing Stats

File Path                                 PID    Runtime      # DAGs    # Errors  Last Runtime    Last Run
----------------------------------------  -----  ---------  --------  ----------  --------------  -------------------
/opt/airflow/dags/crypto_pipeline_dag.py                           1           0  0.06s           2026-07-13T12:25:06
================================================================================
[2026-07-13T12:25:45.031+0000] {manager.py:878} INFO - 
================================================================================
DAG File Processing Stats

File Path                                 PID    Runtime      # DAGs    # Errors  Last Runtime    Last Run
----------------------------------------  -----  ---------  --------  ----------  --------------  -------------------
/opt/airflow/dags/crypto_pipeline_dag.py                           1           0  0.04s           2026-07-13T12:25:37
================================================================================
[2026-07-13T12:25:55.089+0000] {manager.py:737} INFO - Searching for files in /opt/airflow/dags
[2026-07-13T12:25:55.095+0000] {manager.py:740} INFO - There are 1 files in /opt/airflow/dags
[2026-07-13T12:26:15.218+0000] {manager.py:878} INFO - 
================================================================================
DAG File Processing Stats

File Path                                 PID    Runtime      # DAGs    # Errors  Last Runtime    Last Run
----------------------------------------  -----  ---------  --------  ----------  --------------  -------------------
/opt/airflow/dags/crypto_pipeline_dag.py                           1           0  0.06s           2026-07-13T12:26:07
================================================================================
[2026-07-13T12:26:45.394+0000] {manager.py:878} INFO - 
================================================================================
DAG File Processing Stats

File Path                                 PID    Runtime      # DAGs    # Errors  Last Runtime    Last Run
----------------------------------------  -----  ---------  --------  ----------  --------------  -------------------
/opt/airflow/dags/crypto_pipeline_dag.py                           1           0  0.04s           2026-07-13T12:26:37
================================================================================
[2026-07-13T12:27:15.584+0000] {manager.py:878} INFO - 
================================================================================
DAG File Processing Stats

File Path                                 PID    Runtime      # DAGs    # Errors  Last Runtime    Last Run
----------------------------------------  -----  ---------  --------  ----------  --------------  -------------------
/opt/airflow/dags/crypto_pipeline_dag.py                           1           0  0.04s           2026-07-13T12:27:07
================================================================================
[2026-07-13T12:27:45.760+0000] {manager.py:878} INFO - 
================================================================================
DAG File Processing Stats

File Path                                 PID    Runtime      # DAGs    # Errors  Last Runtime    Last Run
----------------------------------------  -----  ---------  --------  ----------  --------------  -------------------
/opt/airflow/dags/crypto_pipeline_dag.py                           1           0  0.04s           2026-07-13T12:27:37
================================================================================
[2026-07-13T12:28:15.939+0000] {manager.py:878} INFO - 
================================================================================
DAG File Processing Stats

File Path                                 PID    Runtime      # DAGs    # Errors  Last Runtime    Last Run
----------------------------------------  -----  ---------  --------  ----------  --------------  -------------------
/opt/airflow/dags/crypto_pipeline_dag.py                           1           0  0.04s           2026-07-13T12:28:07
================================================================================
[2026-07-13T12:28:46.139+0000] {manager.py:878} INFO - 
================================================================================
DAG File Processing Stats

File Path                                 PID    Runtime      # DAGs    # Errors  Last Runtime    Last Run
----------------------------------------  -----  ---------  --------  ----------  --------------  -------------------
/opt/airflow/dags/crypto_pipeline_dag.py                           1           0  0.04s           2026-07-13T12:28:38
================================================================================
[2026-07-13T12:29:16.322+0000] {manager.py:878} INFO - 
================================================================================
DAG File Processing Stats

File Path                                 PID    Runtime      # DAGs    # Errors  Last Runtime    Last Run
----------------------------------------  -----  ---------  --------  ----------  --------------  -------------------
/opt/airflow/dags/crypto_pipeline_dag.py                           1           0  0.04s           2026-07-13T12:29:08
================================================================================
[2026-07-13T12:29:46.501+0000] {manager.py:878} INFO - 
================================================================================
DAG File Processing Stats

File Path                                 PID    Runtime      # DAGs    # Errors  Last Runtime    Last Run
----------------------------------------  -----  ---------  --------  ----------  --------------  -------------------
/opt/airflow/dags/crypto_pipeline_dag.py                           1           0  0.04s           2026-07-13T12:29:38
================================================================================
[2026-07-13T12:30:16.751+0000] {manager.py:878} INFO - 
================================================================================
DAG File Processing Stats

File Path                                 PID    Runtime      # DAGs    # Errors  Last Runtime    Last Run
----------------------------------------  -----  ---------  --------  ----------  --------------  -------------------
/opt/airflow/dags/crypto_pipeline_dag.py                           1           0  0.07s           2026-07-13T12:30:08
================================================================================
[2026-07-13T12:36:37.408+0000] {manager.py:737} INFO - Searching for files in /opt/airflow/dags
[2026-07-13T12:36:37.411+0000] {manager.py:740} INFO - There are 1 files in /opt/airflow/dags
[2026-07-13T12:37:06.608+0000] {manager.py:878} INFO - 
================================================================================
DAG File Processing Stats

File Path                                 PID    Runtime      # DAGs    # Errors  Last Runtime    Last Run
----------------------------------------  -----  ---------  --------  ----------  --------------  -------------------
/opt/airflow/dags/crypto_pipeline_dag.py                           1           0  0.07s           2026-07-13T12:36:37
================================================================================
[2026-07-13T12:37:36.815+0000] {manager.py:878} INFO - 
================================================================================
DAG File Processing Stats

File Path                                 PID    Runtime      # DAGs    # Errors  Last Runtime    Last Run
----------------------------------------  -----  ---------  --------  ----------  --------------  -------------------
/opt/airflow/dags/crypto_pipeline_dag.py                           1           0  0.07s           2026-07-13T12:37:07
================================================================================
[2026-07-13T12:38:07.021+0000] {manager.py:878} INFO - 
================================================================================
DAG File Processing Stats

File Path                                 PID    Runtime      # DAGs    # Errors  Last Runtime    Last Run
----------------------------------------  -----  ---------  --------  ----------  --------------  -------------------
/opt/airflow/dags/crypto_pipeline_dag.py                           1           0  0.07s           2026-07-13T12:37:37
================================================================================
[2026-07-13T12:38:37.245+0000] {manager.py:878} INFO - 
================================================================================
DAG File Processing Stats

File Path                                 PID    Runtime      # DAGs    # Errors  Last Runtime    Last Run
----------------------------------------  -----  ---------  --------  ----------  --------------  -------------------
/opt/airflow/dags/crypto_pipeline_dag.py                           1           0  0.08s           2026-07-13T12:38:08
================================================================================
[2026-07-13T12:39:07.451+0000] {manager.py:878} INFO - 
================================================================================
DAG File Processing Stats

File Path                                 PID    Runtime      # DAGs    # Errors  Last Runtime    Last Run
----------------------------------------  -----  ---------  --------  ----------  --------------  -------------------
/opt/airflow/dags/crypto_pipeline_dag.py                           1           0  0.06s           2026-07-13T12:38:38
================================================================================
[2026-07-13T12:39:37.666+0000] {manager.py:878} INFO - 
================================================================================
DAG File Processing Stats

File Path                                 PID    Runtime      # DAGs    # Errors  Last Runtime    Last Run
----------------------------------------  -----  ---------  --------  ----------  --------------  -------------------
/opt/airflow/dags/crypto_pipeline_dag.py                           1           0  0.07s           2026-07-13T12:39:08
================================================================================
