[2026-07-13T13:29:23.797+0000] {local_task_job_runner.py:120} INFO - ::group::Pre task execution logs
[2026-07-13T13:29:23.819+0000] {taskinstance.py:2076} INFO - Dependencies all met for dep_context=non-requeueable deps ti=<TaskInstance: crypto_daily_pipeline.install_deps manual__2026-07-13T13:29:23.336367+00:00 [queued]>
[2026-07-13T13:29:23.823+0000] {taskinstance.py:2076} INFO - Dependencies all met for dep_context=requeueable deps ti=<TaskInstance: crypto_daily_pipeline.install_deps manual__2026-07-13T13:29:23.336367+00:00 [queued]>
[2026-07-13T13:29:23.823+0000] {taskinstance.py:2306} INFO - Starting attempt 1 of 3
[2026-07-13T13:29:23.829+0000] {taskinstance.py:2330} INFO - Executing <Task(BashOperator): install_deps> on 2026-07-13 13:29:23.336367+00:00
[2026-07-13T13:29:23.834+0000] {standard_task_runner.py:90} INFO - Running: ['***', 'tasks', 'run', 'crypto_daily_pipeline', 'install_deps', 'manual__2026-07-13T13:29:23.336367+00:00', '--job-id', '3', '--raw', '--subdir', 'DAGS_FOLDER/crypto_pipeline_dag.py', '--cfg-path', '/tmp/tmpwxbdm2dl']
[2026-07-13T13:29:23.835+0000] {logging_mixin.py:188} WARNING - /home/***/.local/lib/python3.12/site-packages/***/task/task_runner/standard_task_runner.py:62 DeprecationWarning: This process (pid=1008) is multi-threaded, use of fork() may lead to deadlocks in the child.
[2026-07-13T13:29:23.835+0000] {standard_task_runner.py:91} INFO - Job 3: Subtask install_deps
[2026-07-13T13:29:23.835+0000] {standard_task_runner.py:64} INFO - Started process 1010 to run task
[2026-07-13T13:29:23.858+0000] {task_command.py:426} INFO - Running <TaskInstance: crypto_daily_pipeline.install_deps manual__2026-07-13T13:29:23.336367+00:00 [running]> on host 921b10dfab45
[2026-07-13T13:29:23.897+0000] {taskinstance.py:2648} INFO - Exporting env vars: AIRFLOW_CTX_DAG_OWNER='data_eng' AIRFLOW_CTX_DAG_ID='crypto_daily_pipeline' AIRFLOW_CTX_TASK_ID='install_deps' AIRFLOW_CTX_EXECUTION_DATE='2026-07-13T13:29:23.336367+00:00' AIRFLOW_CTX_TRY_NUMBER='1' AIRFLOW_CTX_DAG_RUN_ID='manual__2026-07-13T13:29:23.336367+00:00'
[2026-07-13T13:29:23.897+0000] {taskinstance.py:430} INFO - ::endgroup::
[2026-07-13T13:29:23.911+0000] {subprocess.py:63} INFO - Tmp dir root location: /tmp
[2026-07-13T13:29:23.912+0000] {subprocess.py:75} INFO - Running command: ['/usr/bin/bash', '-c', 'pip install --quiet boto3 pandas pyarrow psycopg2-binary']
[2026-07-13T13:29:23.915+0000] {subprocess.py:86} INFO - Output:
[2026-07-13T13:29:24.772+0000] {subprocess.py:93} INFO - 
[2026-07-13T13:29:24.772+0000] {subprocess.py:93} INFO - [notice] A new release of pip is available: 24.2 -> 26.1.2
[2026-07-13T13:29:24.772+0000] {subprocess.py:93} INFO - [notice] To update, run: pip install --upgrade pip
[2026-07-13T13:29:24.806+0000] {subprocess.py:97} INFO - Command exited with return code 0
[2026-07-13T13:29:24.806+0000] {taskinstance.py:441} INFO - ::group::Post task execution logs
[2026-07-13T13:29:24.816+0000] {taskinstance.py:1206} INFO - Marking task as SUCCESS. dag_id=crypto_daily_pipeline, task_id=install_deps, run_id=manual__2026-07-13T13:29:23.336367+00:00, execution_date=20260713T132923, start_date=20260713T132923, end_date=20260713T132924
[2026-07-13T13:29:24.836+0000] {local_task_job_runner.py:243} INFO - Task exited with return code 0
[2026-07-13T13:29:24.845+0000] {taskinstance.py:3503} INFO - 1 downstream tasks scheduled from follow-on schedule check
[2026-07-13T13:29:24.845+0000] {local_task_job_runner.py:222} INFO - ::endgroup::
