[2026-07-13T13:29:25.817+0000] {local_task_job_runner.py:120} INFO - ::group::Pre task execution logs
[2026-07-13T13:29:25.831+0000] {taskinstance.py:2076} INFO - Dependencies all met for dep_context=non-requeueable deps ti=<TaskInstance: crypto_daily_pipeline.load_raw_to_staging manual__2026-07-13T13:29:23.336367+00:00 [queued]>
[2026-07-13T13:29:25.835+0000] {taskinstance.py:2076} INFO - Dependencies all met for dep_context=requeueable deps ti=<TaskInstance: crypto_daily_pipeline.load_raw_to_staging manual__2026-07-13T13:29:23.336367+00:00 [queued]>
[2026-07-13T13:29:25.836+0000] {taskinstance.py:2306} INFO - Starting attempt 1 of 3
[2026-07-13T13:29:25.840+0000] {taskinstance.py:2330} INFO - Executing <Task(BashOperator): load_raw_to_staging> on 2026-07-13 13:29:23.336367+00:00
[2026-07-13T13:29:25.843+0000] {logging_mixin.py:188} WARNING - /home/***/.local/lib/python3.12/site-packages/***/task/task_runner/standard_task_runner.py:62 DeprecationWarning: This process (pid=1046) is multi-threaded, use of fork() may lead to deadlocks in the child.
[2026-07-13T13:29:25.842+0000] {standard_task_runner.py:90} INFO - Running: ['***', 'tasks', 'run', 'crypto_daily_pipeline', 'load_raw_to_staging', 'manual__2026-07-13T13:29:23.336367+00:00', '--job-id', '5', '--raw', '--subdir', 'DAGS_FOLDER/crypto_pipeline_dag.py', '--cfg-path', '/tmp/tmp2lquoop8']
[2026-07-13T13:29:25.843+0000] {standard_task_runner.py:64} INFO - Started process 1048 to run task
[2026-07-13T13:29:25.843+0000] {standard_task_runner.py:91} INFO - Job 5: Subtask load_raw_to_staging
[2026-07-13T13:29:25.858+0000] {task_command.py:426} INFO - Running <TaskInstance: crypto_daily_pipeline.load_raw_to_staging manual__2026-07-13T13:29:23.336367+00:00 [running]> on host 921b10dfab45
[2026-07-13T13:29:25.884+0000] {taskinstance.py:2648} INFO - Exporting env vars: AIRFLOW_CTX_DAG_OWNER='data_eng' AIRFLOW_CTX_DAG_ID='crypto_daily_pipeline' AIRFLOW_CTX_TASK_ID='load_raw_to_staging' AIRFLOW_CTX_EXECUTION_DATE='2026-07-13T13:29:23.336367+00:00' AIRFLOW_CTX_TRY_NUMBER='1' AIRFLOW_CTX_DAG_RUN_ID='manual__2026-07-13T13:29:23.336367+00:00'
[2026-07-13T13:29:25.884+0000] {taskinstance.py:430} INFO - ::endgroup::
[2026-07-13T13:29:25.888+0000] {subprocess.py:63} INFO - Tmp dir root location: /tmp
[2026-07-13T13:29:25.889+0000] {subprocess.py:75} INFO - Running command: ['/usr/bin/bash', '-c', 'python /opt/***/dags/scripts/load_parquet_to_staging.py']
[2026-07-13T13:29:25.891+0000] {subprocess.py:86} INFO - Output:
[2026-07-13T13:29:26.966+0000] {subprocess.py:93} INFO - /opt/***/dags/scripts/load_parquet_to_staging.py:16: DeprecationWarning: datetime.datetime.utcnow() is deprecated and scheduled for removal in a future version. Use timezone-aware objects to represent datetimes in UTC: datetime.datetime.now(datetime.UTC).
[2026-07-13T13:29:26.967+0000] {subprocess.py:93} INFO -   today = datetime.utcnow().strftime("%Y-%m-%d")
[2026-07-13T13:29:28.189+0000] {subprocess.py:93} INFO - Found 787 Parquet files for 2026-07-13
[2026-07-13T13:29:28.189+0000] {subprocess.py:93} INFO - Loaded 3935 rows into raw_price_ticks
[2026-07-13T13:29:28.259+0000] {subprocess.py:97} INFO - Command exited with return code 0
[2026-07-13T13:29:28.260+0000] {taskinstance.py:441} INFO - ::group::Post task execution logs
[2026-07-13T13:29:28.269+0000] {taskinstance.py:1206} INFO - Marking task as SUCCESS. dag_id=crypto_daily_pipeline, task_id=load_raw_to_staging, run_id=manual__2026-07-13T13:29:23.336367+00:00, execution_date=20260713T132923, start_date=20260713T132925, end_date=20260713T132928
[2026-07-13T13:29:28.281+0000] {local_task_job_runner.py:243} INFO - Task exited with return code 0
[2026-07-13T13:29:28.288+0000] {taskinstance.py:3503} INFO - 0 downstream tasks scheduled from follow-on schedule check
[2026-07-13T13:29:28.289+0000] {local_task_job_runner.py:222} INFO - ::endgroup::
